
login as: docker
docker@192.168.99.104's password:
                         _             _
            _         _ ( )           ( )
  ___ ___  (_)  ___  (_)| |/')  _   _ | |_      __
/' _ ` _ `\| |/' _ `\| || , <  ( ) ( )| '_`\  /'__`\
| ( ) ( ) || || ( ) || || |\`\ | (_) || |_) )(  ___/
(_) (_) (_)(_)(_) (_)(_)(_) (_)`\___/'(_,__/'`\____)

$ ps -ef | grep dockerd
root      2418     1  7 15:51 ?        00:02:15 /usr/bin/dockerd -H tcp://0.0.0.0:2376 -H unix:///var/run/docker.sock --tlsverify --tlscacert /etc/docker/ca.pem --tlscert /etc/docker/server.pem --tlskey /etc/docker/server-key.pem --label provider=virtualbox --insecure-registry 10.96.0.0/12
docker   12315  7468  0 16:19 pts/0    00:00:00 grep dockerd
$ ping google.com
PING google.com (216.58.196.174): 56 data bytes
64 bytes from 216.58.196.174: seq=0 ttl=53 time=59.145 ms
64 bytes from 216.58.196.174: seq=1 ttl=53 time=78.751 ms
^C
--- google.com ping statistics ---
2 packets transmitted, 2 packets received, 0% packet loss
round-trip min/avg/max = 59.145/68.948/78.751 ms
$ id
uid=1001(docker) gid=1001(docker) groups=1001(docker),10(wheel),1000(rkt),1015(rkt-admin),1016(vboxsf)
$ pwd
/home/docker
$ export PS1='\n$PWD> '

/home/docker>

/home/docker> ps -ef | grep dockerd
root      2418     1  7 15:51 ?        00:08:14 /usr/bin/dockerd -H tcp://0.0.0.0:2376 -H unix:///var/run/docker.sock --tlsverify --tlscacert /etc/docker/ca.pem --tlscert /etc/docker/server.pem --tlskey /etc/docker/server-key.pem --label provider=virtualbox --insecure-registry 10.96.0.0/12
docker   26256  7468  0 17:34 pts/0    00:00:00 grep dockerd

/home/docker> docker version
Client:
 Version:      17.09.0-ce
 API version:  1.32
 Go version:   go1.8.3
 Git commit:   afdb6d4
 Built:        Tue Sep 26 22:39:28 2017
 OS/Arch:      linux/amd64

Server:
 Version:      17.09.0-ce
 API version:  1.32 (minimum version 1.12)
 Go version:   go1.8.3
 Git commit:   afdb6d4
 Built:        Tue Sep 26 22:45:38 2017
 OS/Arch:      linux/amd64
 Experimental: false

/home/docker> docker

Usage:  docker COMMAND

A self-sufficient runtime for containers

Options:
      --config string      Location of client config files (default
                           "/home/docker/.docker")
  -D, --debug              Enable debug mode
      --help               Print usage
  -H, --host list          Daemon socket(s) to connect to
  -l, --log-level string   Set the logging level
                           ("debug"|"info"|"warn"|"error"|"fatal")
                           (default "info")
      --tls                Use TLS; implied by --tlsverify
      --tlscacert string   Trust certs signed only by this CA (default
                           "/home/docker/.docker/ca.pem")
      --tlscert string     Path to TLS certificate file (default
                           "/home/docker/.docker/cert.pem")
      --tlskey string      Path to TLS key file (default
                           "/home/docker/.docker/key.pem")
      --tlsverify          Use TLS and verify the remote
  -v, --version            Print version information and quit

Management Commands:
  config      Manage Docker configs
  container   Manage containers
  image       Manage images
  network     Manage networks
  node        Manage Swarm nodes
  plugin      Manage plugins
  secret      Manage Docker secrets
  service     Manage services
  stack       Manage Docker stacks
  swarm       Manage Swarm
  system      Manage Docker
  volume      Manage volumes

Commands:
  attach      Attach local standard input, output, and error streams to a running container
  build       Build an image from a Dockerfile
  commit      Create a new image from a container's changes
  cp          Copy files/folders between a container and the local filesystem
  create      Create a new container
  diff        Inspect changes to files or directories on a container's filesystem
  events      Get real time events from the server
  exec        Run a command in a running container
  export      Export a container's filesystem as a tar archive
  history     Show the history of an image
  images      List images
  import      Import the contents from a tarball to create a filesystem image
  info        Display system-wide information
  inspect     Return low-level information on Docker objects
  kill        Kill one or more running containers
  load        Load an image from a tar archive or STDIN
  login       Log in to a Docker registry
  logout      Log out from a Docker registry
  logs        Fetch the logs of a container
  pause       Pause all processes within one or more containers
  port        List port mappings or a specific mapping for the container
  ps          List containers
  pull        Pull an image or a repository from a registry
  push        Push an image or a repository to a registry
  rename      Rename a container
  restart     Restart one or more containers
  rm          Remove one or more containers
  rmi         Remove one or more images
  run         Run a command in a new container
  save        Save one or more images to a tar archive (streamed to STDOUT by default)
  search      Search the Docker Hub for images
  start       Start one or more stopped containers
  stats       Display a live stream of container(s) resource usage statistics
  stop        Stop one or more running containers
  tag         Create a tag TARGET_IMAGE that refers to SOURCE_IMAGE
  top         Display the running processes of a container
  unpause     Unpause all processes within one or more containers
  update      Update configuration of one or more containers
  version     Show the Docker version information
  wait        Block until one or more containers stop, then print their exit codes

Run 'docker COMMAND --help' for more information on a command.

/home/docker>

/home/docker> docker image pull nginx
Using default tag: latest
latest: Pulling from library/nginx
27833a3ba0a5: Downloading  4.832MB/22.5MB
e83729dd399a: Downloading  2.997MB/22.28MB
ebc6a67df66d: Download complete
^C

/home/docker> docker image ls nginx
REPOSITORY          TAG                 IMAGE ID            CREATED             SIZE
nginx               alpine              32a037976344        3 weeks ago         16.1MB
nginx               stable              e706cb01fa6b        3 weeks ago         109MB

/home/docker> docker image pull nginx
Using default tag: latest
latest: Pulling from library/nginx
27833a3ba0a5: Pull complete
e83729dd399a: Pull complete
ebc6a67df66d: Pull complete
Digest: sha256:c8a861b8a1eeef6d48955a6c6d5dff8e2580f13ff4d0f549e082e7c82a8617a2
Status: Downloaded newer image for nginx:latest

/home/docker>

/home/docker> docker container run nginx

/home/docker> docker container ls | grep -v k8s
CONTAINER ID        IMAGE                                                            COMMAND                  CREATED             STATUS              PORTS                                                                NAMES

/home/docker> docker container ls -a | grep -v k8s
CONTAINER ID        IMAGE                                                            COMMAND                  CREATED             STATUS                          PORTS                                                                NAMES
968b6fb620b8        nginx                                                            "nginx -g 'daemon ..."   4 minutes ago       Exited (0) About a minute ago                                                                        peaceful_wright
db3f83e558cc        ghost:1-alpine                                                   "docker-entrypoint..."   2 weeks ago         Exited (0) 2 weeks ago                                                                               ghost
7ded0284b1d4        mysql:5.7                                                        "docker-entrypoint..."   2 weeks ago         Exited (137) 2 weeks ago        3306/tcp, 33060/tcp                                                  blog-db

/home/docker> docker container start 968b6fb620b8
968b6fb620b8

/home/docker> docker container ls | grep -v k8s
CONTAINER ID        IMAGE                                                            COMMAND                  CREATED             STATUS              PORTS                                                                NAMES
968b6fb620b8        nginx                                                            "nginx -g 'daemon ..."   5 minutes ago       Up 4 seconds        80/tcp                                                               peaceful_wright

/home/docker> docker container rm db3f83e558cc
db3f83e558cc

/home/docker> docker container ls -a| grep -v k8s
CONTAINER ID        IMAGE                                                            COMMAND                  CREATED             STATUS                     PORTS                                                                NAMES
968b6fb620b8        nginx                                                            "nginx -g 'daemon ..."   7 minutes ago       Up About a minute          80/tcp                                                               peaceful_wright
7ded0284b1d4        mysql:5.7                                                        "docker-entrypoint..."   2 weeks ago         Exited (137) 2 weeks ago   3306/tcp, 33060/tcp                                                  blog-db

/home/docker> docker container rm 968b6fb620b8
Error response from daemon: You cannot remove a running container 968b6fb620b8a79b59e5397c497013d439ba59f84eb52a25b63c24241427034a. Stop the container before attempting removal or force remove

/home/docker> docker container rm -f 968b6fb620b8
968b6fb620b8

/home/docker> docker container ls -a| grep -v k8s
CONTAINER ID        IMAGE                                                            COMMAND                  CREATED             STATUS                     PORTS                                                                NAMES
7ded0284b1d4        mysql:5.7                                                        "docker-entrypoint..."   2 weeks ago         Exited (137) 2 weeks ago   3306/tcp, 33060/tcp                                                  blog-db

/home/docker> docker container prune
WARNING! This will remove all stopped containers.
Are you sure you want to continue? [y/N] y
Deleted Containers:
3ff245cf60e59e53cf3591dc0c0b446d833447b261ece9c8ab7d785c92a72172
3f717cced8b4b34f461d635dfab6d2851ad7d2b5b090684ddb29e04b9d292b02
ead624cadf68b2ba6fbe188eed7db4ffca72ef352d26c814ddd647a5499381e4
877ce5ba5af08a7dba8fd13fc973e78b64304866ef0f8f0b5fb14603a70e9723
e4f7952d7c497de5895d5d3119bab70d6ce041aa6d80770335f4b6402cf14355
8dfb2b419ca535bf0dc2184a98b5426229033c0dd0375c4c1d15c1e79266b78f
350efba9026b0977c23ffaf3f7a56ad606f986f3e3f041b2a6c46299b932d720
95cd683c82989a7612ced507bfa61085a00d6e23594588f323395edb39367357
430c5f8f6460706663a50b513f1def6011e1c50038a04d73052746780018a06b
3a99276dcf668c7dda98590b3f099ef6900792cb1f46bcc9bb82d2ce216f8952
d9be8b7e1b89e7a2984d7e901421aac0cac3c0ccf80a222da5cd64f58bee6e57
684e16651af648e9630d124228de6fe8bcce471860262ff9dd32bab9d096dccc
75ee9a769b173ec92eaf43f9976eea4473193d29ce8e670f2d1dc67d11e19d19
57502d682a0aa4fae83e5b32051f95dc3f24a69a0ac80573681022d6c72d0542
fb605e3b5f384729dd17b3fec1c19f3a526d5920547d902ac8f1e45fe14c1783
06514f1f715a4a417eba4f67c380d1496e9b9d7721e227117e9c804cf0e1aada
b3e40076f4151f43427e756098bbae347e25ec1f86a251287672279a123c4860
1f43f2234ad944e54848d8b17f939e3d34eec71f75e477b9148d674702940cc9
ff3700cebc16cfad00dac37b542130e04411eab72353d54c569f71c48d642061
eb8d3eb43da58591841b273afb6a41ff07a55ab7c5356d566ae6ea79a6745758
254ea59d1c641695a1067176b00e10cbb64908013a6d3422243b3e79f987d202
5d7018b7fd2983f8984cc06ead5eb5f31a9297fe3e62f5b1884ce54711fb1f8f
b9cec6c4931e28468a2a9f58c5e13b030b2d1311c1b9456f0cc5341f443acb9e
79d4fdf26b771cc74d29ba9d9abb353865fea996ca370e69f84ad61dcbc51ec7
60883cdb5e2fdf642f5536a11054a8373be2df493084d817f5d74435522fdf92
52103ad221da4696069fd2ba1d67c7165e7ddce4f37088657919723ab873128c
6b7bbed22eb6462d358c95f521ea909b6803427bc2fc0d518393cde9a0c46094
de556f05043c083c5276b98f220362f8c276c3e703cee4f8e00a7a9f0eef63d6
e0a3d6412d151b1395485439b4d4fca1e7577a2f5f41c0b5dd404ae2059bf9e3
9317bcbcb82932304c2330897f20e29f253584a4abd1e73c5daa4c627aa8e652
c784416607fc456abf167e294612191e17f83407bfe6f1f56f6b1447a25328d2
24c3b84a26477e6bca7ad5a89fdde98ea4c5775ccef0c9ef00dfe3e1b6aa8e6f
e2ac3ea32890b358dae2df56570f65c5dc2bfc3d9f0801c5b4da3a06cecd7ad3
39a3bdccf9c459d8488dc00d157864451bd684bb9c348f16b12e1936b51fc764
7ded0284b1d4e2dc5fbcf34135eef386eb544e833d287292389c8be239475d34

Total reclaimed space: 6.958MB

/home/docker> docker container ls | grep -v k8s
CONTAINER ID        IMAGE                                                            COMMAND                  CREATED             STATUS              PORTS                                                                NAMES

/home/docker> docker container ls -a| grep -v k8s
CONTAINER ID        IMAGE                                                            COMMAND                  CREATED             STATUS              PORTS                                                                NAMES

/home/docker>


---------------------------------------------------------------------------------------

/home/docker> docker container ls | grep -v k8s
CONTAINER ID        IMAGE                                                            COMMAND                  CREATED             STATUS              PORTS                                                                NAMES

/home/docker> docker container ls -a| grep -v k8s
CONTAINER ID        IMAGE                                                            COMMAND                  CREATED             STATUS              PORTS                                                                NAMES

/home/docker> docker container run -d nginx
13f158a563b8d034211229190fb6a28f23730817c2fdc8b98128b69424702a02

/home/docker> docker container ls | grep -v k8s
CONTAINER ID        IMAGE                                                            COMMAND                  CREATED             STATUS              PORTS                                                                NAMES
13f158a563b8        nginx                                                            "nginx -g 'daemon ..."   8 seconds ago       Up 7 seconds        80/tcp                                                               unruffled_khorana

/home/docker> docker container inspect 13f158a563b8
[
    {
        "Id": "13f158a563b8d034211229190fb6a28f23730817c2fdc8b98128b69424702a02",
        "Created": "2019-04-01T18:15:42.020245381Z",
        "Path": "nginx",
        "Args": [
            "-g",
            "daemon off;"
        ],
        "State": {
            "Status": "running",
            "Running": true,
            "Paused": false,
            "Restarting": false,
            "OOMKilled": false,
            "Dead": false,
            "Pid": 2020,
            "ExitCode": 0,
            "Error": "",
            "StartedAt": "2019-04-01T18:15:42.552730542Z",
            "FinishedAt": "0001-01-01T00:00:00Z"
        },
        "Image": "sha256:2bcb04bdb83f7c5dc30f0edaca1609a716bda1c7d2244d4f5fbbdfef33da366c",
        "ResolvConfPath": "/var/lib/docker/containers/13f158a563b8d034211229190fb6a28f23730817c2fdc8b98128b69424702a02/resolv.conf",
        "HostnamePath": "/var/lib/docker/containers/13f158a563b8d034211229190fb6a28f23730817c2fdc8b98128b69424702a02/hostname",
        "HostsPath": "/var/lib/docker/containers/13f158a563b8d034211229190fb6a28f23730817c2fdc8b98128b69424702a02/hosts",
        "LogPath": "/var/lib/docker/containers/13f158a563b8d034211229190fb6a28f23730817c2fdc8b98128b69424702a02/13f158a563b8d034211229190fb6a28f23730817c2fdc8b98128b69424702a02-json.log",
        "Name": "/unruffled_khorana",
        "RestartCount": 0,
        "Driver": "overlay2",
        "Platform": "linux",
        "MountLabel": "",
        "ProcessLabel": "",
        "AppArmorProfile": "",
        "ExecIDs": null,
        "HostConfig": {
            "Binds": null,
            "ContainerIDFile": "",
            "LogConfig": {
                "Type": "json-file",
                "Config": {}
            },
            "NetworkMode": "default",
            "PortBindings": {},
            "RestartPolicy": {
                "Name": "no",
                "MaximumRetryCount": 0
            },
            "AutoRemove": false,
            "VolumeDriver": "",
            "VolumesFrom": null,
            "CapAdd": null,
            "CapDrop": null,
            "Dns": [],
            "DnsOptions": [],
            "DnsSearch": [],
            "ExtraHosts": null,
            "GroupAdd": null,
            "IpcMode": "shareable",
            "Cgroup": "",
            "Links": null,
            "OomScoreAdj": 0,
            "PidMode": "",
            "Privileged": false,
            "PublishAllPorts": false,
            "ReadonlyRootfs": false,
            "SecurityOpt": null,
            "UTSMode": "",
            "UsernsMode": "",
            "ShmSize": 67108864,
            "Runtime": "runc",
            "ConsoleSize": [
                0,
                0
            ],
            "Isolation": "",
            "CpuShares": 0,
            "Memory": 0,
            "NanoCpus": 0,
            "CgroupParent": "",
            "BlkioWeight": 0,
            "BlkioWeightDevice": [],
            "BlkioDeviceReadBps": null,
            "BlkioDeviceWriteBps": null,
            "BlkioDeviceReadIOps": null,
            "BlkioDeviceWriteIOps": null,
            "CpuPeriod": 0,
            "CpuQuota": 0,
            "CpuRealtimePeriod": 0,
            "CpuRealtimeRuntime": 0,
            "CpusetCpus": "",
            "CpusetMems": "",
            "Devices": [],
            "DeviceCgroupRules": null,
            "DiskQuota": 0,
            "KernelMemory": 0,
            "MemoryReservation": 0,
            "MemorySwap": 0,
            "MemorySwappiness": null,
            "OomKillDisable": false,
            "PidsLimit": 0,
            "Ulimits": null,
            "CpuCount": 0,
            "CpuPercent": 0,
            "IOMaximumIOps": 0,
            "IOMaximumBandwidth": 0
        },
        "GraphDriver": {
            "Data": {
                "LowerDir": "/var/lib/docker/overlay2/edea6f23ec6f4937788e8f440b8b0ed9d2d604861dfebc77fb206f1c08777325-init/diff:/var/lib/docker/overlay2/f1c53cdf84d2f6275223304e17fd70aa11701d7733da3cfc51f6cdeef65e3207/diff:/var/lib/docker/overlay2/f6a8f58f96f179c7154115040d67e95ace281d885243ba0c1fbb6ee12503f695/diff:/var/lib/docker/overlay2/4109b70c300b5a4a8e0b41d04bf5182a53cb7dbda605612f9c8cc43292fa3bb8/diff",
                "MergedDir": "/var/lib/docker/overlay2/edea6f23ec6f4937788e8f440b8b0ed9d2d604861dfebc77fb206f1c08777325/merged",
                "UpperDir": "/var/lib/docker/overlay2/edea6f23ec6f4937788e8f440b8b0ed9d2d604861dfebc77fb206f1c08777325/diff",
                "WorkDir": "/var/lib/docker/overlay2/edea6f23ec6f4937788e8f440b8b0ed9d2d604861dfebc77fb206f1c08777325/work"
            },
            "Name": "overlay2"
        },
        "Mounts": [],
        "Config": {
            "Hostname": "13f158a563b8",
            "Domainname": "",
            "User": "",
            "AttachStdin": false,
            "AttachStdout": false,
            "AttachStderr": false,
            "ExposedPorts": {
                "80/tcp": {}
            },
            "Tty": false,
            "OpenStdin": false,
            "StdinOnce": false,
            "Env": [
                "PATH=/usr/local/sbin:/usr/local/bin:/usr/sbin:/usr/bin:/sbin:/bin",
                "NGINX_VERSION=1.15.10-1~stretch",
                "NJS_VERSION=1.15.10.0.3.0-1~stretch"
            ],
            "Cmd": [
                "nginx",
                "-g",
                "daemon off;"
            ],
            "ArgsEscaped": true,
            "Image": "nginx",
            "Volumes": null,
            "WorkingDir": "",
            "Entrypoint": null,
            "OnBuild": null,
            "Labels": {
                "maintainer": "NGINX Docker Maintainers <docker-maint@nginx.com>"
            },
            "StopSignal": "SIGTERM"
        },
        "NetworkSettings": {
            "Bridge": "",
            "SandboxID": "5d31f1f13dcf533b6e596735d921bdbda87dd6fdedbab15acec548aa8aea7b6c",
            "HairpinMode": false,
            "LinkLocalIPv6Address": "",
            "LinkLocalIPv6PrefixLen": 0,
            "Ports": {
                "80/tcp": null
            },
            "SandboxKey": "/var/run/docker/netns/5d31f1f13dcf",
            "SecondaryIPAddresses": null,
            "SecondaryIPv6Addresses": null,
            "EndpointID": "479768528ba2b23ef503b076032c318fb129c4da78a1710a6776cfd0bac46c75",
            "Gateway": "172.17.0.1",
            "GlobalIPv6Address": "",
            "GlobalIPv6PrefixLen": 0,
            "IPAddress": "172.17.0.17",
            "IPPrefixLen": 16,
            "IPv6Gateway": "",
            "MacAddress": "02:42:ac:11:00:11",
            "Networks": {
                "bridge": {
                    "IPAMConfig": null,
                    "Links": null,
                    "Aliases": null,
                    "NetworkID": "ef89778ac758dd4ec119e822cc918abaef402999105f2a71204f5e7f4ffad7de",
                    "EndpointID": "479768528ba2b23ef503b076032c318fb129c4da78a1710a6776cfd0bac46c75",
                    "Gateway": "172.17.0.1",
                    "IPAddress": "172.17.0.17",
                    "IPPrefixLen": 16,
                    "IPv6Gateway": "",
                    "GlobalIPv6Address": "",
                    "GlobalIPv6PrefixLen": 0,
                    "MacAddress": "02:42:ac:11:00:11",
                    "DriverOpts": null
                }
            }
        }
    }
]

/home/docker> docker container inspect 13f158a563b8 | grep -i ipaddress
            "SecondaryIPAddresses": null,
            "IPAddress": "172.17.0.17",
                    "IPAddress": "172.17.0.17",

/home/docker> curl 172.17.0.17
<!DOCTYPE html>
<html>
<head>
<title>Welcome to nginx!</title>
<style>
    body {
        width: 35em;
        margin: 0 auto;
        font-family: Tahoma, Verdana, Arial, sans-serif;
    }
</style>
</head>
<body>
<h1>Welcome to nginx!</h1>
<p>If you see this page, the nginx web server is successfully installed and
working. Further configuration is required.</p>

<p>For online documentation and support please refer to
<a href="http://nginx.org/">nginx.org</a>.<br/>
Commercial support is available at
<a href="http://nginx.com/">nginx.com</a>.</p>

<p><em>Thank you for using nginx.</em></p>
</body>
</html>

/home/docker> ping 172.17.0.17
PING 172.17.0.17 (172.17.0.17): 56 data bytes
64 bytes from 172.17.0.17: seq=0 ttl=64 time=0.104 ms
64 bytes from 172.17.0.17: seq=1 ttl=64 time=0.113 ms
64 bytes from 172.17.0.17: seq=2 ttl=64 time=0.093 ms
64 bytes from 172.17.0.17: seq=3 ttl=64 time=0.268 ms
^C
--- 172.17.0.17 ping statistics ---
4 packets transmitted, 4 packets received, 0% packet loss
round-trip min/avg/max = 0.093/0.144/0.268 ms

/home/docker> docker container run -d -p 8383:80 nginx
3ab7ad7ceea67d9b624e1cac2fa4a2078525f1cea03d74c717e19141ce6cb0fb

/home/docker> docker container ls | grep -v k8s
CONTAINER ID        IMAGE                                                            COMMAND                  CREATED             STATUS              PORTS                                                                NAMES
3ab7ad7ceea6        nginx                                                            "nginx -g 'daemon ..."   19 seconds ago      Up 18 seconds       0.0.0.0:8383->80/tcp                                                 elegant_wescoff
13f158a563b8        nginx                                                            "nginx -g 'daemon ..."   11 minutes ago      Up 11 minutes       80/tcp                                                               unruffled_khorana

/home/docker> docker container inspect 3ab7ad7ceea6 | grep -i ipaddress
            "SecondaryIPAddresses": null,
            "IPAddress": "172.17.0.18",
                    "IPAddress": "172.17.0.18",

/home/docker>


-----------------------------------------------------------------------------------------------

/home/docker> docker container ls | grep -v k8s
CONTAINER ID        IMAGE                                                           COMMAND                  CREATED             STATUS              PORTS                                                               NAMES
8db6bd3922ee        nginx                                                           "nginx -g 'daemon ..."   5 minutes ago       Up 5 minutes        80/tcp                                                              vibrant_davinci
3ab7ad7ceea6        nginx                                                           "nginx -g 'daemon ..."   12 minutes ago      Up 12 minutes       0.0.0.0:883->80/tcp                                                 elegant_wescoff
13f158a563b8        nginx                                                           "nginx -g 'daemon ..."   23 minutes ago      Up 23 minutes       80/tcp                                                              unruffled_khorana

/home/docker> docker container exec 8db6bd3922ee ls
bin
boot
dev
etc
home
lib
lib64
media
mnt
opt
proc
root
run
sbin
srv
sys
tmp
usr
var

/home/docker> ls /
bin  d     dev  home  lib    linuxrc  mnt  proc  run   srv  tmp  var
c    data  etc  init  lib64  media    opt  root  sbin  sys  usr

/home/docker> docker container exec 8db6bd3922ee touch /tmp/f1.txt

/home/docker> ls /tmp/f1.txt
ls: cannot access '/tmp/f1.txt': No such file or directory

/home/docker> docker container exec 8db6bd3922ee ls /tmp/f1.txt
/tmp/f1.txt

/home/docker> docker container exec -it 8db6bd3922ee sh
# ls
bin   dev  home  lib64  mnt  proc  run   srv  tmp  var
boot  etc  lib   media  opt  root  sbin  sys  usr
# bash
root@8db6bd3922ee:/# cd /usr/share/
X11/             dict/            java/            pam/
adduser/         doc/             keyrings/        pam-configs/
base-files/      doc-base/        libc-bin/        perl5/
base-passwd/     dpkg/            lintian/         pixmaps/
bash-completion/ fontconfig/      locale/          tabset/
bug/             fonts/           man/             terminfo/
common-licenses/ gcc-6/           menu/            xml/
debconf/         gdb/             misc/            zoneinfo/
debianutils/     info/            nginx/
root@8db6bd3922ee:/# cd /usr/share/nginx/html/
50x.html    index.html
root@8db6bd3922ee:/# cd /usr/share/nginx/html/
root@8db6bd3922ee:/usr/share/nginx/html# ls
50x.html  index.html
root@8db6bd3922ee:/usr/share/nginx/html# cat index.html
<!DOCTYPE html>
<html>
<head>
<title>Welcome to nginx!</title>
<style>
    body {
        width: 35em;
        margin: 0 auto;
        font-family: Tahoma, Verdana, Arial, sans-serif;
    }
</style>
</head>
<body>
<h1>Welcome to nginx!</h1>
<p>If you see this page, the nginx web server is successfully installed and
working. Further configuration is required.</p>

<p>For online documentation and support please refer to
<a href="http://nginx.org/">nginx.org</a>.<br/>
Commercial support is available at
<a href="http://nginx.com/">nginx.com</a>.</p>

<p><em>Thank you for using nginx.</em></p>
</body>
</html>
root@8db6bd3922ee:/usr/share/nginx/html# ls
50x.html  index.html
root@8db6bd3922ee:/usr/share/nginx/html# vi mypage.html
bash: vi: command not found
root@8db6bd3922ee:/usr/share/nginx/html# ps
bash: ps: command not found
root@8db6bd3922ee:/usr/share/nginx/html# cat > mypage.html
<h1> My PRODUCT CODE </h1>
^C
root@8db6bd3922ee:/usr/share/nginx/html# cat mypage.html
<h1> My PRODUCT CODE </h1>
root@8db6bd3922ee:/usr/share/nginx/html# ls
50x.html  index.html  mypage.html
root@8db6bd3922ee:/usr/share/nginx/html# exit
exit
# exit

/home/docker> docker container inspect  8db6bd3922ee | grep -i ipaddress
            "SecondaryIPAddresses": null,
            "IPAddress": "172.17.0.19",
                    "IPAddress": "172.17.0.19",

/home/docker> curl "172.17.0.19"
<!DOCTYPE html>
<html>
<head>
<title>Welcome to nginx!</title>
<style>
    body {
        width: 35em;
        margin: 0 auto;
        font-family: Tahoma, Verdana, Arial, sans-serif;
    }
</style>
</head>
<body>
<h1>Welcome to nginx!</h1>
<p>If you see this page, the nginx web server is successfully installed and
working. Further configuration is required.</p>

<p>For online documentation and support please refer to
<a href="http://nginx.org/">nginx.org</a>.<br/>
Commercial support is available at
<a href="http://nginx.com/">nginx.com</a>.</p>

<p><em>Thank you for using nginx.</em></p>
</body>
</html>

/home/docker> curl 172.17.0.19/mypage.html
<h1> My PRODUCT CODE </h1>

/home/docker> docker container ls | grep -v k8s
CONTAINER ID        IMAGE                                                           COMMAND                  CREATED             STATUS              PORTS                                                               NAMES
8db6bd3922ee        nginx                                                           "nginx -g 'daemon ..."   16 minutes ago      Up 16 minutes       80/tcp                                                              vibrant_davinci
3ab7ad7ceea6        nginx                                                           "nginx -g 'daemon ..."   23 minutes ago      Up 23 minutes       0.0.0.0:883->80/tcp                                                 elegant_wescoff
13f158a563b8        nginx                                                           "nginx -g 'daemon ..."   34 minutes ago      Up 34 minutes       80/tcp                                                              unruffled_khorana

/home/docker> docker container exec -it 3ab7ad7ceea6 bash
root@3ab7ad7ceea6:/# cd /usr/share/nginx/html/
root@3ab7ad7ceea6:/usr/share/nginx/html# ls
50x.html  index.html
root@3ab7ad7ceea6:/usr/share/nginx/html# cat > mypage.html
<h1> My Code </h1>
^C
root@3ab7ad7ceea6:/usr/share/nginx/html#
root@3ab7ad7ceea6:/usr/share/nginx/html# cat mypage.html
<h1> My Code </h1>
root@3ab7ad7ceea6:/usr/share/nginx/html# exit
exit

/home/docker>

